[    3773ms] [INFO] %cDownload the React DevTools for a better development experience: https://react.dev/link/react-devtools font-weight:bold @ webpack-internal:///(app-pages-browser)/../../node_modules/next/dist/next-devtools/shared/forward-logs-shared.js:27
[    4123ms] [LOG] [HMR] connected @ webpack-internal:///(app-pages-browser)/../../node_modules/next/dist/next-devtools/shared/forward-logs-shared.js:27
[    5539ms] [ERROR] A tree hydrated but some attributes of the server rendered HTML didn't match the client properties. This won't be patched up. This can happen if a SSR-ed Client Component used:

- A server/client branch `if (typeof window !== 'undefined')`.
- Variable input such as `Date.now()` or `Math.random()` which changes each time it's called.
- Date formatting in a user's locale which doesn't match the server.
- External changing data without sending a snapshot of it along with the HTML.
- Invalid HTML tag nesting.

It can also happen if the client has a browser extension installed which messes with the HTML before React loaded.

%s%s https://react.dev/link/hydration-mismatch 

  ...
    <HotReload globalError={[...]} webSocket={WebSocket} staticIndicatorState={{pathname:null, ...}}>
      <AppDevOverlayErrorBoundary globalError={[...]}>
        <ReplaySsrOnlyErrors>
        <DevRootHTTPAccessFallbackBoundary>
          <HTTPAccessFallbackBoundary notFound={<NotAllowedRootHTTPFallbackError>}>
            <HTTPAccessFallbackErrorBoundary pathname="/" notFound={<NotAllowedRootHTTPFallbackError>} ...>
              <RedirectBoundary>
                <RedirectErrorBoundary router={{...}}>
                  <Head>
                  <__next_root_layout_boundary__>
                    <SegmentViewNode type="layout" pagePath="layout.tsx">
                      <SegmentTrieNode>
                      <link>
                      <RootLayout>
                        <html lang="en" dir="ltr" suppressHydrationWarning={true}>
                          <head>
                            <script
+                             nonce="32pLkLEZ6Ue148vBnoTIvQ=="
-                             nonce=""
                              dangerouslySetInnerHTML={{__html:"(function(..."}}
                            >
                            <script
+                             nonce="32pLkLEZ6Ue148vBnoTIvQ=="
-                             nonce=""
                              dangerouslySetInnerHTML={{__html:"(function(..."}}
                            >
                            <script
+                             nonce="32pLkLEZ6Ue148vBnoTIvQ=="
-                             nonce=""
                              dangerouslySetInnerHTML={{__html:"(function(..."}}
                            >
                            ...
                          ...
                  ...
 @ webpack-internal:///(app-pages-browser)/../../node_modules/next/dist/next-devtools/userspace/app/errors/intercept-console-error.js:57
[    5550ms] [WARNING] Image with src "http://localhost:3000/assets/Logo/mediaBubble_logo_horizontal_text_white.svg" has either width or height modified, but not the other. If you use CSS to change the size of your image, also include the styles 'width: "auto"' or 'height: "auto"' to maintain the aspect ratio. @ webpack-internal:///(app-pages-browser)/../../node_modules/next/dist/next-devtools/shared/forward-logs-shared.js:27
[    8721ms] [WARNING] The resource http://localhost:3000/_next/static/media/b957ea75a84b6ea7-s.p.woff2?v=1782584917282 was preloaded using link preload but not used within a few seconds from the window's load event. Please make sure it has an appropriate `as` value and it is preloaded intentionally. @ http://localhost:3000/:0
[    8721ms] [WARNING] The resource http://localhost:3000/_next/static/media/eafabf029ad39a43-s.p.woff2?v=1782584917282 was preloaded using link preload but not used within a few seconds from the window's load event. Please make sure it has an appropriate `as` value and it is preloaded intentionally. @ http://localhost:3000/:0
[    8722ms] [WARNING] The resource http://localhost:3000/_next/static/media/e4af272ccee01ff0-s.p.woff2?v=1782584917282 was preloaded using link preload but not used within a few seconds from the window's load event. Please make sure it has an appropriate `as` value and it is preloaded intentionally. @ http://localhost:3000/:0
[    8722ms] [WARNING] The resource http://localhost:3000/_next/static/media/0484562807a97172-s.p.woff2?v=1782584917282 was preloaded using link preload but not used within a few seconds from the window's load event. Please make sure it has an appropriate `as` value and it is preloaded intentionally. @ http://localhost:3000/:0
[    8722ms] [WARNING] The resource http://localhost:3000/_next/static/media/6245472ced48d3be-s.p.woff2?v=1782584917282 was preloaded using link preload but not used within a few seconds from the window's load event. Please make sure it has an appropriate `as` value and it is preloaded intentionally. @ http://localhost:3000/:0
[  467587ms] [LOG] [Fast Refresh] rebuilding @ webpack-internal:///(app-pages-browser)/../../node_modules/next/dist/next-devtools/shared/forward-logs-shared.js:27
[  479809ms] [LOG] [Fast Refresh] done in 12223ms @ webpack-internal:///(app-pages-browser)/../../node_modules/next/dist/next-devtools/shared/forward-logs-shared.js:27
[  484989ms] [WARNING] The resource http://localhost:3000/_next/static/media/b957ea75a84b6ea7-s.p.woff2?v=1782584917282 was preloaded using link preload but not used within a few seconds from the window's load event. Please make sure it has an appropriate `as` value and it is preloaded intentionally. @ http://localhost:3000/:0
[  484989ms] [WARNING] The resource http://localhost:3000/_next/static/media/eafabf029ad39a43-s.p.woff2?v=1782584917282 was preloaded using link preload but not used within a few seconds from the window's load event. Please make sure it has an appropriate `as` value and it is preloaded intentionally. @ http://localhost:3000/:0
[  484989ms] [WARNING] The resource http://localhost:3000/_next/static/media/e4af272ccee01ff0-s.p.woff2?v=1782584917282 was preloaded using link preload but not used within a few seconds from the window's load event. Please make sure it has an appropriate `as` value and it is preloaded intentionally. @ http://localhost:3000/:0
[  484989ms] [WARNING] The resource http://localhost:3000/_next/static/media/0484562807a97172-s.p.woff2?v=1782584917282 was preloaded using link preload but not used within a few seconds from the window's load event. Please make sure it has an appropriate `as` value and it is preloaded intentionally. @ http://localhost:3000/:0
[  484989ms] [WARNING] The resource http://localhost:3000/_next/static/media/6245472ced48d3be-s.p.woff2?v=1782584917282 was preloaded using link preload but not used within a few seconds from the window's load event. Please make sure it has an appropriate `as` value and it is preloaded intentionally. @ http://localhost:3000/:0
[  643559ms] [LOG] [Fast Refresh] rebuilding @ webpack-internal:///(app-pages-browser)/../../node_modules/next/dist/next-devtools/shared/forward-logs-shared.js:27
[  646330ms] [LOG] [Fast Refresh] done in 2771ms @ webpack-internal:///(app-pages-browser)/../../node_modules/next/dist/next-devtools/shared/forward-logs-shared.js:27
[  652849ms] [WARNING] The resource http://localhost:3000/_next/static/media/b957ea75a84b6ea7-s.p.woff2?v=1782584917282 was preloaded using link preload but not used within a few seconds from the window's load event. Please make sure it has an appropriate `as` value and it is preloaded intentionally. @ http://localhost:3000/:0
[  652849ms] [WARNING] The resource http://localhost:3000/_next/static/media/eafabf029ad39a43-s.p.woff2?v=1782584917282 was preloaded using link preload but not used within a few seconds from the window's load event. Please make sure it has an appropriate `as` value and it is preloaded intentionally. @ http://localhost:3000/:0
[  652849ms] [WARNING] The resource http://localhost:3000/_next/static/media/e4af272ccee01ff0-s.p.woff2?v=1782584917282 was preloaded using link preload but not used within a few seconds from the window's load event. Please make sure it has an appropriate `as` value and it is preloaded intentionally. @ http://localhost:3000/:0
[  652849ms] [WARNING] The resource http://localhost:3000/_next/static/media/0484562807a97172-s.p.woff2?v=1782584917282 was preloaded using link preload but not used within a few seconds from the window's load event. Please make sure it has an appropriate `as` value and it is preloaded intentionally. @ http://localhost:3000/:0
[  652849ms] [WARNING] The resource http://localhost:3000/_next/static/media/6245472ced48d3be-s.p.woff2?v=1782584917282 was preloaded using link preload but not used within a few seconds from the window's load event. Please make sure it has an appropriate `as` value and it is preloaded intentionally. @ http://localhost:3000/:0
[  685337ms] [LOG] [Fast Refresh] rebuilding @ webpack-internal:///(app-pages-browser)/../../node_modules/next/dist/next-devtools/shared/forward-logs-shared.js:27
[  688740ms] [WARNING] The resource http://localhost:3000/_next/static/media/b957ea75a84b6ea7-s.p.woff2?v=1782584917282 was preloaded using link preload but not used within a few seconds from the window's load event. Please make sure it has an appropriate `as` value and it is preloaded intentionally. @ http://localhost:3000/:0
[  688741ms] [WARNING] The resource http://localhost:3000/_next/static/media/eafabf029ad39a43-s.p.woff2?v=1782584917282 was preloaded using link preload but not used within a few seconds from the window's load event. Please make sure it has an appropriate `as` value and it is preloaded intentionally. @ http://localhost:3000/:0
[  688741ms] [WARNING] The resource http://localhost:3000/_next/static/media/e4af272ccee01ff0-s.p.woff2?v=1782584917282 was preloaded using link preload but not used within a few seconds from the window's load event. Please make sure it has an appropriate `as` value and it is preloaded intentionally. @ http://localhost:3000/:0
[  688741ms] [WARNING] The resource http://localhost:3000/_next/static/media/0484562807a97172-s.p.woff2?v=1782584917282 was preloaded using link preload but not used within a few seconds from the window's load event. Please make sure it has an appropriate `as` value and it is preloaded intentionally. @ http://localhost:3000/:0
[  688741ms] [WARNING] The resource http://localhost:3000/_next/static/media/6245472ced48d3be-s.p.woff2?v=1782584917282 was preloaded using link preload but not used within a few seconds from the window's load event. Please make sure it has an appropriate `as` value and it is preloaded intentionally. @ http://localhost:3000/:0
[  691892ms] [LOG] [Fast Refresh] done in 6555ms @ webpack-internal:///(app-pages-browser)/../../node_modules/next/dist/next-devtools/shared/forward-logs-shared.js:27
[  692017ms] [ERROR] %o

%s ReferenceError: HeroSection is not defined
    at HomePageContent (webpack-internal:///(app-pages-browser)/./app/content.tsx:96:89)
    at Object.react_stack_bottom_frame (webpack-internal:///(app-pages-browser)/../../node_modules/next/dist/compiled/react-dom/cjs/react-dom-client.development.js:28242:20)
    at renderWithHooks (webpack-internal:///(app-pages-browser)/../../node_modules/next/dist/compiled/react-dom/cjs/react-dom-client.development.js:7926:22)
    at updateFunctionComponent (webpack-internal:///(app-pages-browser)/../../node_modules/next/dist/compiled/react-dom/cjs/react-dom-client.development.js:10443:19)
    at beginWork (webpack-internal:///(app-pages-browser)/../../node_modules/next/dist/compiled/react-dom/cjs/react-dom-client.development.js:12113:18)
    at runWithFiberInDEV (webpack-internal:///(app-pages-browser)/../../node_modules/next/dist/compiled/react-dom/cjs/react-dom-client.development.js:987:30)
    at performUnitOfWork (webpack-internal:///(app-pages-browser)/../../node_modules/next/dist/compiled/react-dom/cjs/react-dom-client.development.js:18989:22)
    at workLoopSync (webpack-internal:///(app-pages-browser)/../../node_modules/next/dist/compiled/react-dom/cjs/react-dom-client.development.js:18817:41)
    at renderRootSync (webpack-internal:///(app-pages-browser)/../../node_modules/next/dist/compiled/react-dom/cjs/react-dom-client.development.js:18798:11)
    at performWorkOnRoot (webpack-internal:///(app-pages-browser)/../../node_modules/next/dist/compiled/react-dom/cjs/react-dom-client.development.js:17824:11)
    at performSyncWorkOnRoot (webpack-internal:///(app-pages-browser)/../../node_modules/next/dist/compiled/react-dom/cjs/react-dom-client.development.js:20487:7)
    at flushSyncWorkAcrossRoots_impl (webpack-internal:///(app-pages-browser)/../../node_modules/next/dist/compiled/react-dom/cjs/react-dom-client.development.js:20329:21)
    at flushSpawnedWork (webpack-internal:///(app-pages-browser)/../../node_modules/next/dist/compiled/react-dom/cjs/react-dom-client.development.js:19840:9)
    at commitRoot (webpack-internal:///(app-pages-browser)/../../node_modules/next/dist/compiled/react-dom/cjs/react-dom-client.development.js:19418:58)
    at completeRoot (webpack-internal:///(app-pages-browser)/../../node_modules/next/dist/compiled/react-dom/cjs/react-dom-client.development.js:19322:9)
    at completeRootWhenReady (webpack-internal:///(app-pages-browser)/../../node_modules/next/dist/compiled/react-dom/cjs/react-dom-client.development.js:18169:7)
    at performWorkOnRoot (webpack-internal:///(app-pages-browser)/../../node_modules/next/dist/compiled/react-dom/cjs/react-dom-client.development.js:18044:15)
    at performWorkOnRootViaSchedulerTask (webpack-internal:///(app-pages-browser)/../../node_modules/next/dist/compiled/react-dom/cjs/react-dom-client.development.js:20472:7)
    at MessagePort.performWorkUntilDeadline (webpack-internal:///(app-pages-browser)/../../node_modules/next/dist/compiled/scheduler/cjs/scheduler.development.js:45:48) The above error occurred in the <HomePageContent> component. It was handled by the <ErrorBoundaryHandler> error boundary. @ webpack-internal:///(app-pages-browser)/../../node_modules/next/dist/client/react-client-callbacks/error-boundary-callbacks.js:64
[  692048ms] [ERROR] ReferenceError: HeroSection is not defined
    at HomePageContent (webpack-internal:///(app-pages-browser)/./app/content.tsx:96:89)
    at Object.react_stack_bottom_frame (webpack-internal:///(app-pages-browser)/../../node_modules/next/dist/compiled/react-dom/cjs/react-dom-client.development.js:28242:20)
    at renderWithHooks (webpack-internal:///(app-pages-browser)/../../node_modules/next/dist/compiled/react-dom/cjs/react-dom-client.development.js:7926:22)
    at updateFunctionComponent (webpack-internal:///(app-pages-browser)/../../node_modules/next/dist/compiled/react-dom/cjs/react-dom-client.development.js:10443:19)
    at beginWork (webpack-internal:///(app-pages-browser)/../../node_modules/next/dist/compiled/react-dom/cjs/react-dom-client.development.js:12113:18)
    at runWithFiberInDEV (webpack-internal:///(app-pages-browser)/../../node_modules/next/dist/compiled/react-dom/cjs/react-dom-client.development.js:987:30)
    at performUnitOfWork (webpack-internal:///(app-pages-browser)/../../node_modules/next/dist/compiled/react-dom/cjs/react-dom-client.development.js:18989:22)
    at workLoopSync (webpack-internal:///(app-pages-browser)/../../node_modules/next/dist/compiled/react-dom/cjs/react-dom-client.development.js:18817:41)
    at renderRootSync (webpack-internal:///(app-pages-browser)/../../node_modules/next/dist/compiled/react-dom/cjs/react-dom-client.development.js:18798:11)
    at performWorkOnRoot (webpack-internal:///(app-pages-browser)/../../node_modules/next/dist/compiled/react-dom/cjs/react-dom-client.development.js:17824:11)
    at performSyncWorkOnRoot (webpack-internal:///(app-pages-browser)/../../node_modules/next/dist/compiled/react-dom/cjs/react-dom-client.development.js:20487:7)
    at flushSyncWorkAcrossRoots_impl (webpack-internal:///(app-pages-browser)/../../node_modules/next/dist/compiled/react-dom/cjs/react-dom-client.development.js:20329:21)
    at flushSpawnedWork (webpack-internal:///(app-pages-browser)/../../node_modules/next/dist/compiled/react-dom/cjs/react-dom-client.development.js:19840:9)
    at commitRoot (webpack-internal:///(app-pages-browser)/../../node_modules/next/dist/compiled/react-dom/cjs/react-dom-client.development.js:19418:58)
    at completeRoot (webpack-internal:///(app-pages-browser)/../../node_modules/next/dist/compiled/react-dom/cjs/react-dom-client.development.js:19322:9)
    at completeRootWhenReady (webpack-internal:///(app-pages-browser)/../../node_modules/next/dist/compiled/react-dom/cjs/react-dom-client.development.js:18169:7)
    at performWorkOnRoot (webpack-internal:///(app-pages-browser)/../../node_modules/next/dist/compiled/react-dom/cjs/react-dom-client.development.js:18044:15)
    at performWorkOnRootViaSchedulerTask (webpack-internal:///(app-pages-browser)/../../node_modules/next/dist/compiled/react-dom/cjs/react-dom-client.development.js:20472:7)
    at MessagePort.performWorkUntilDeadline (webpack-internal:///(app-pages-browser)/../../node_modules/next/dist/compiled/scheduler/cjs/scheduler.development.js:45:48) @ webpack-internal:///(app-pages-browser)/../../node_modules/next/dist/next-devtools/userspace/app/errors/intercept-console-error.js:57
[  692052ms] [ERROR] ReferenceError: HeroSection is not defined
    at HomePageContent (webpack-internal:///(app-pages-browser)/./app/content.tsx:96:89)
    at Object.react_stack_bottom_frame (webpack-internal:///(app-pages-browser)/../../node_modules/next/dist/compiled/react-dom/cjs/react-dom-client.development.js:28242:20)
    at renderWithHooks (webpack-internal:///(app-pages-browser)/../../node_modules/next/dist/compiled/react-dom/cjs/react-dom-client.development.js:7926:22)
    at updateFunctionComponent (webpack-internal:///(app-pages-browser)/../../node_modules/next/dist/compiled/react-dom/cjs/react-dom-client.development.js:10443:19)
    at beginWork (webpack-internal:///(app-pages-browser)/../../node_modules/next/dist/compiled/react-dom/cjs/react-dom-client.development.js:12113:18)
    at runWithFiberInDEV (webpack-internal:///(app-pages-browser)/../../node_modules/next/dist/compiled/react-dom/cjs/react-dom-client.development.js:987:30)
    at performUnitOfWork (webpack-internal:///(app-pages-browser)/../../node_modules/next/dist/compiled/react-dom/cjs/react-dom-client.development.js:18989:22)
    at workLoopSync (webpack-internal:///(app-pages-browser)/../../node_modules/next/dist/compiled/react-dom/cjs/react-dom-client.development.js:18817:41)
    at renderRootSync (webpack-internal:///(app-pages-browser)/../../node_modules/next/dist/compiled/react-dom/cjs/react-dom-client.development.js:18798:11)
    at performWorkOnRoot (webpack-internal:///(app-pages-browser)/../../node_modules/next/dist/compiled/react-dom/cjs/react-dom-client.development.js:17824:11)
    at performSyncWorkOnRoot (webpack-internal:///(app-pages-browser)/../../node_modules/next/dist/compiled/react-dom/cjs/react-dom-client.development.js:20487:7)
    at flushSyncWorkAcrossRoots_impl (webpack-internal:///(app-pages-browser)/../../node_modules/next/dist/compiled/react-dom/cjs/react-dom-client.development.js:20329:21)
    at flushSpawnedWork (webpack-internal:///(app-pages-browser)/../../node_modules/next/dist/compiled/react-dom/cjs/react-dom-client.development.js:19840:9)
    at commitRoot (webpack-internal:///(app-pages-browser)/../../node_modules/next/dist/compiled/react-dom/cjs/react-dom-client.development.js:19418:58)
    at completeRoot (webpack-internal:///(app-pages-browser)/../../node_modules/next/dist/compiled/react-dom/cjs/react-dom-client.development.js:19322:9)
    at completeRootWhenReady (webpack-internal:///(app-pages-browser)/../../node_modules/next/dist/compiled/react-dom/cjs/react-dom-client.development.js:18169:7)
    at performWorkOnRoot (webpack-internal:///(app-pages-browser)/../../node_modules/next/dist/compiled/react-dom/cjs/react-dom-client.development.js:18044:15)
    at performWorkOnRootViaSchedulerTask (webpack-internal:///(app-pages-browser)/../../node_modules/next/dist/compiled/react-dom/cjs/react-dom-client.development.js:20472:7)
    at MessagePort.performWorkUntilDeadline (webpack-internal:///(app-pages-browser)/../../node_modules/next/dist/compiled/scheduler/cjs/scheduler.development.js:45:48) @ webpack-internal:///(app-pages-browser)/../../node_modules/next/dist/next-devtools/userspace/app/errors/intercept-console-error.js:57
[  696244ms] [WARNING] The resource http://localhost:3000/_next/static/media/b957ea75a84b6ea7-s.p.woff2?v=1782584917282 was preloaded using link preload but not used within a few seconds from the window's load event. Please make sure it has an appropriate `as` value and it is preloaded intentionally. @ http://localhost:3000/:0
[  696244ms] [WARNING] The resource http://localhost:3000/_next/static/media/eafabf029ad39a43-s.p.woff2?v=1782584917282 was preloaded using link preload but not used within a few seconds from the window's load event. Please make sure it has an appropriate `as` value and it is preloaded intentionally. @ http://localhost:3000/:0
[  696244ms] [WARNING] The resource http://localhost:3000/_next/static/media/e4af272ccee01ff0-s.p.woff2?v=1782584917282 was preloaded using link preload but not used within a few seconds from the window's load event. Please make sure it has an appropriate `as` value and it is preloaded intentionally. @ http://localhost:3000/:0
[  696245ms] [WARNING] The resource http://localhost:3000/_next/static/media/0484562807a97172-s.p.woff2?v=1782584917282 was preloaded using link preload but not used within a few seconds from the window's load event. Please make sure it has an appropriate `as` value and it is preloaded intentionally. @ http://localhost:3000/:0
[  696245ms] [WARNING] The resource http://localhost:3000/_next/static/media/6245472ced48d3be-s.p.woff2?v=1782584917282 was preloaded using link preload but not used within a few seconds from the window's load event. Please make sure it has an appropriate `as` value and it is preloaded intentionally. @ http://localhost:3000/:0
[  712431ms] [LOG] [Fast Refresh] rebuilding @ webpack-internal:///(app-pages-browser)/../../node_modules/next/dist/next-devtools/shared/forward-logs-shared.js:27
[  716176ms] [LOG] [Fast Refresh] done in 3744ms @ webpack-internal:///(app-pages-browser)/../../node_modules/next/dist/next-devtools/shared/forward-logs-shared.js:27
[  724736ms] [WARNING] The resource http://localhost:3000/_next/static/media/b957ea75a84b6ea7-s.p.woff2?v=1782584917282 was preloaded using link preload but not used within a few seconds from the window's load event. Please make sure it has an appropriate `as` value and it is preloaded intentionally. @ http://localhost:3000/:0
[  724736ms] [WARNING] The resource http://localhost:3000/_next/static/media/eafabf029ad39a43-s.p.woff2?v=1782584917282 was preloaded using link preload but not used within a few seconds from the window's load event. Please make sure it has an appropriate `as` value and it is preloaded intentionally. @ http://localhost:3000/:0
[  724736ms] [WARNING] The resource http://localhost:3000/_next/static/media/e4af272ccee01ff0-s.p.woff2?v=1782584917282 was preloaded using link preload but not used within a few seconds from the window's load event. Please make sure it has an appropriate `as` value and it is preloaded intentionally. @ http://localhost:3000/:0
[  724736ms] [WARNING] The resource http://localhost:3000/_next/static/media/0484562807a97172-s.p.woff2?v=1782584917282 was preloaded using link preload but not used within a few seconds from the window's load event. Please make sure it has an appropriate `as` value and it is preloaded intentionally. @ http://localhost:3000/:0
[  724736ms] [WARNING] The resource http://localhost:3000/_next/static/media/6245472ced48d3be-s.p.woff2?v=1782584917282 was preloaded using link preload but not used within a few seconds from the window's load event. Please make sure it has an appropriate `as` value and it is preloaded intentionally. @ http://localhost:3000/:0
