[    4855ms] [INFO] %cDownload the React DevTools for a better development experience: https://react.dev/link/react-devtools font-weight:bold @ webpack-internal:///(app-pages-browser)/../../node_modules/next/dist/next-devtools/shared/forward-logs-shared.js:27
[    6565ms] [LOG] [HMR] connected @ webpack-internal:///(app-pages-browser)/../../node_modules/next/dist/next-devtools/shared/forward-logs-shared.js:27
[   11638ms] [WARNING] The resource http://localhost:3000/_next/static/chunks/_app-pages-browser_components_sections_ServicesSection_tsx.js was preloaded using link preload but not used within a few seconds from the window's load event. Please make sure it has an appropriate `as` value and it is preloaded intentionally. @ http://localhost:3000/:0
[   11638ms] [WARNING] The resource http://localhost:3000/_next/static/media/eafabf029ad39a43-s.p.woff2?v=1782592028107 was preloaded using link preload but not used within a few seconds from the window's load event. Please make sure it has an appropriate `as` value and it is preloaded intentionally. @ http://localhost:3000/:0
[   11638ms] [WARNING] The resource http://localhost:3000/_next/static/chunks/_app-pages-browser_components_sections_ShowcaseSection_tsx.js was preloaded using link preload but not used within a few seconds from the window's load event. Please make sure it has an appropriate `as` value and it is preloaded intentionally. @ http://localhost:3000/:0
[   11638ms] [WARNING] The resource http://localhost:3000/_next/static/chunks/_app-pages-browser_components_sections_ResultsMarquee_tsx.js was preloaded using link preload but not used within a few seconds from the window's load event. Please make sure it has an appropriate `as` value and it is preloaded intentionally. @ http://localhost:3000/:0
[   11638ms] [WARNING] The resource http://localhost:3000/_next/static/chunks/_app-pages-browser_components_sections_CtaSection_tsx.js was preloaded using link preload but not used within a few seconds from the window's load event. Please make sure it has an appropriate `as` value and it is preloaded intentionally. @ http://localhost:3000/:0
[   11638ms] [WARNING] The resource http://localhost:3000/_next/static/media/e4af272ccee01ff0-s.p.woff2?v=1782592028107 was preloaded using link preload but not used within a few seconds from the window's load event. Please make sure it has an appropriate `as` value and it is preloaded intentionally. @ http://localhost:3000/:0
[   11638ms] [WARNING] The resource http://localhost:3000/_next/static/media/0484562807a97172-s.p.woff2?v=1782592028107 was preloaded using link preload but not used within a few seconds from the window's load event. Please make sure it has an appropriate `as` value and it is preloaded intentionally. @ http://localhost:3000/:0
[   11638ms] [WARNING] The resource http://localhost:3000/_next/static/chunks/_app-pages-browser_components_sections_ClientLogosSection_tsx.js was preloaded using link preload but not used within a few seconds from the window's load event. Please make sure it has an appropriate `as` value and it is preloaded intentionally. @ http://localhost:3000/:0
[   11638ms] [WARNING] The resource http://localhost:3000/_next/static/chunks/_app-pages-browser_components_sections_WhyUsStrip_tsx.js was preloaded using link preload but not used within a few seconds from the window's load event. Please make sure it has an appropriate `as` value and it is preloaded intentionally. @ http://localhost:3000/:0
[   11638ms] [WARNING] The resource http://localhost:3000/_next/static/media/b957ea75a84b6ea7-s.p.woff2?v=1782592028107 was preloaded using link preload but not used within a few seconds from the window's load event. Please make sure it has an appropriate `as` value and it is preloaded intentionally. @ http://localhost:3000/:0
[   11638ms] [WARNING] The resource http://localhost:3000/_next/static/chunks/_app-pages-browser_components_sections_TestimonialsSection_tsx.js was preloaded using link preload but not used within a few seconds from the window's load event. Please make sure it has an appropriate `as` value and it is preloaded intentionally. @ http://localhost:3000/:0
[   11638ms] [WARNING] The resource http://localhost:3000/_next/static/media/6245472ced48d3be-s.p.woff2?v=1782592028107 was preloaded using link preload but not used within a few seconds from the window's load event. Please make sure it has an appropriate `as` value and it is preloaded intentionally. @ http://localhost:3000/:0
[   16108ms] [ERROR] A tree hydrated but some attributes of the server rendered HTML didn't match the client properties. This won't be patched up. This can happen if a SSR-ed Client Component used:

- A server/client branch `if (typeof window !== 'undefined')`.
- Variable input such as `Date.now()` or `Math.random()` which changes each time it's called.
- Date formatting in a user's locale which doesn't match the server.
- External changing data without sending a snapshot of it along with the HTML.
- Invalid HTML tag nesting.

It can also happen if the client has a browser extension installed which messes with the HTML before React loaded.

%s%s https://react.dev/link/hydration-mismatch 

  ...
    <HotReload globalError={[...]} webSocket={WebSocket} staticIndicatorState={{pathname:null, ...}}>
      <AppDevOverlayErrorBoundary globalError={[...]}>
        <ReplaySsrOnlyErrors>
        <DevRootHTTPAccessFallbackBoundary>
          <HTTPAccessFallbackBoundary notFound={<NotAllowedRootHTTPFallbackError>}>
            <HTTPAccessFallbackErrorBoundary pathname="/" notFound={<NotAllowedRootHTTPFallbackError>} ...>
              <RedirectBoundary>
                <RedirectErrorBoundary router={{...}}>
                  <Head>
                  <__next_root_layout_boundary__>
                    <SegmentViewNode type="layout" pagePath="layout.tsx">
                      <SegmentTrieNode>
                      <link>
                      <RootLayout>
                        <html lang="en" dir="ltr" suppressHydrationWarning={true}>
                          <head>
                            <script
+                             nonce="qAzyHmW5jHtOuWPIwM/RRA=="
-                             nonce=""
                              dangerouslySetInnerHTML={{__html:"(function(..."}}
                            >
                            <script
+                             nonce="qAzyHmW5jHtOuWPIwM/RRA=="
-                             nonce=""
                              dangerouslySetInnerHTML={{__html:"(function(..."}}
                            >
                            <script
+                             nonce="qAzyHmW5jHtOuWPIwM/RRA=="
-                             nonce=""
                              dangerouslySetInnerHTML={{__html:"(function(..."}}
                            >
                            ...
                          ...
                  ...
 @ webpack-internal:///(app-pages-browser)/../../node_modules/next/dist/next-devtools/userspace/app/errors/intercept-console-error.js:57
[   16126ms] [WARNING] Image with src "http://localhost:3000/assets/Logo/mediaBubble_logo_horizontal_text_white.svg" has either width or height modified, but not the other. If you use CSS to change the size of your image, also include the styles 'width: "auto"' or 'height: "auto"' to maintain the aspect ratio. @ webpack-internal:///(app-pages-browser)/../../node_modules/next/dist/next-devtools/shared/forward-logs-shared.js:27
[   19731ms] [WARNING] The resource http://localhost:3000/_next/static/media/b957ea75a84b6ea7-s.p.woff2?v=1782592028107 was preloaded using link preload but not used within a few seconds from the window's load event. Please make sure it has an appropriate `as` value and it is preloaded intentionally. @ http://localhost:3000/:0
[   19732ms] [WARNING] The resource http://localhost:3000/_next/static/media/6245472ced48d3be-s.p.woff2?v=1782592028107 was preloaded using link preload but not used within a few seconds from the window's load event. Please make sure it has an appropriate `as` value and it is preloaded intentionally. @ http://localhost:3000/:0
[   19732ms] [WARNING] The resource http://localhost:3000/_next/static/media/e4af272ccee01ff0-s.p.woff2?v=1782592028107 was preloaded using link preload but not used within a few seconds from the window's load event. Please make sure it has an appropriate `as` value and it is preloaded intentionally. @ http://localhost:3000/:0
[   19732ms] [WARNING] The resource http://localhost:3000/_next/static/media/eafabf029ad39a43-s.p.woff2?v=1782592028107 was preloaded using link preload but not used within a few seconds from the window's load event. Please make sure it has an appropriate `as` value and it is preloaded intentionally. @ http://localhost:3000/:0
[   19732ms] [WARNING] The resource http://localhost:3000/_next/static/media/0484562807a97172-s.p.woff2?v=1782592028107 was preloaded using link preload but not used within a few seconds from the window's load event. Please make sure it has an appropriate `as` value and it is preloaded intentionally. @ http://localhost:3000/:0
[  115339ms] [WARNING] Image with src "http://localhost:3000/assets/Logo/mediaBubble_logo_horizontal_full_color.svg" has either width or height modified, but not the other. If you use CSS to change the size of your image, also include the styles 'width: "auto"' or 'height: "auto"' to maintain the aspect ratio. @ webpack-internal:///(app-pages-browser)/../../node_modules/next/dist/next-devtools/shared/forward-logs-shared.js:27
[  118347ms] [WARNING] The resource http://localhost:3000/_next/static/media/b957ea75a84b6ea7-s.p.woff2?v=1782592028107 was preloaded using link preload but not used within a few seconds from the window's load event. Please make sure it has an appropriate `as` value and it is preloaded intentionally. @ http://localhost:3000/:0
[  118348ms] [WARNING] The resource http://localhost:3000/_next/static/media/6245472ced48d3be-s.p.woff2?v=1782592028107 was preloaded using link preload but not used within a few seconds from the window's load event. Please make sure it has an appropriate `as` value and it is preloaded intentionally. @ http://localhost:3000/:0
[  118348ms] [WARNING] The resource http://localhost:3000/_next/static/media/e4af272ccee01ff0-s.p.woff2?v=1782592028107 was preloaded using link preload but not used within a few seconds from the window's load event. Please make sure it has an appropriate `as` value and it is preloaded intentionally. @ http://localhost:3000/:0
[  118348ms] [WARNING] The resource http://localhost:3000/_next/static/media/eafabf029ad39a43-s.p.woff2?v=1782592028107 was preloaded using link preload but not used within a few seconds from the window's load event. Please make sure it has an appropriate `as` value and it is preloaded intentionally. @ http://localhost:3000/:0
[  118348ms] [WARNING] The resource http://localhost:3000/_next/static/media/0484562807a97172-s.p.woff2?v=1782592028107 was preloaded using link preload but not used within a few seconds from the window's load event. Please make sure it has an appropriate `as` value and it is preloaded intentionally. @ http://localhost:3000/:0
[  154301ms] [WARNING] The resource http://localhost:3000/_next/static/media/b957ea75a84b6ea7-s.p.woff2?v=1782592028107 was preloaded using link preload but not used within a few seconds from the window's load event. Please make sure it has an appropriate `as` value and it is preloaded intentionally. @ http://localhost:3000/:0
[  154301ms] [WARNING] The resource http://localhost:3000/_next/static/media/6245472ced48d3be-s.p.woff2?v=1782592028107 was preloaded using link preload but not used within a few seconds from the window's load event. Please make sure it has an appropriate `as` value and it is preloaded intentionally. @ http://localhost:3000/:0
[  154301ms] [WARNING] The resource http://localhost:3000/_next/static/media/e4af272ccee01ff0-s.p.woff2?v=1782592028107 was preloaded using link preload but not used within a few seconds from the window's load event. Please make sure it has an appropriate `as` value and it is preloaded intentionally. @ http://localhost:3000/:0
[  154301ms] [WARNING] The resource http://localhost:3000/_next/static/media/eafabf029ad39a43-s.p.woff2?v=1782592028107 was preloaded using link preload but not used within a few seconds from the window's load event. Please make sure it has an appropriate `as` value and it is preloaded intentionally. @ http://localhost:3000/:0
[  154301ms] [WARNING] The resource http://localhost:3000/_next/static/media/0484562807a97172-s.p.woff2?v=1782592028107 was preloaded using link preload but not used within a few seconds from the window's load event. Please make sure it has an appropriate `as` value and it is preloaded intentionally. @ http://localhost:3000/:0
[  261116ms] [LOG] [Fast Refresh] rebuilding @ webpack-internal:///(app-pages-browser)/../../node_modules/next/dist/next-devtools/shared/forward-logs-shared.js:27
[  263877ms] [LOG] [Fast Refresh] done in 2761ms @ webpack-internal:///(app-pages-browser)/../../node_modules/next/dist/next-devtools/shared/forward-logs-shared.js:27
[  264886ms] [LOG] [Fast Refresh] rebuilding @ webpack-internal:///(app-pages-browser)/../../node_modules/next/dist/next-devtools/shared/forward-logs-shared.js:27
[  267507ms] [LOG] [Fast Refresh] done in 2620ms @ webpack-internal:///(app-pages-browser)/../../node_modules/next/dist/next-devtools/shared/forward-logs-shared.js:27
[  268293ms] [WARNING] The resource http://localhost:3000/_next/static/media/b957ea75a84b6ea7-s.p.woff2?v=1782592028107 was preloaded using link preload but not used within a few seconds from the window's load event. Please make sure it has an appropriate `as` value and it is preloaded intentionally. @ http://localhost:3000/:0
[  268293ms] [WARNING] The resource http://localhost:3000/_next/static/media/6245472ced48d3be-s.p.woff2?v=1782592028107 was preloaded using link preload but not used within a few seconds from the window's load event. Please make sure it has an appropriate `as` value and it is preloaded intentionally. @ http://localhost:3000/:0
[  268293ms] [WARNING] The resource http://localhost:3000/_next/static/media/e4af272ccee01ff0-s.p.woff2?v=1782592028107 was preloaded using link preload but not used within a few seconds from the window's load event. Please make sure it has an appropriate `as` value and it is preloaded intentionally. @ http://localhost:3000/:0
[  268293ms] [WARNING] The resource http://localhost:3000/_next/static/media/eafabf029ad39a43-s.p.woff2?v=1782592028107 was preloaded using link preload but not used within a few seconds from the window's load event. Please make sure it has an appropriate `as` value and it is preloaded intentionally. @ http://localhost:3000/:0
[  268293ms] [WARNING] The resource http://localhost:3000/_next/static/media/0484562807a97172-s.p.woff2?v=1782592028107 was preloaded using link preload but not used within a few seconds from the window's load event. Please make sure it has an appropriate `as` value and it is preloaded intentionally. @ http://localhost:3000/:0
[  273596ms] [WARNING] The resource http://localhost:3000/_next/static/media/b957ea75a84b6ea7-s.p.woff2?v=1782592028107 was preloaded using link preload but not used within a few seconds from the window's load event. Please make sure it has an appropriate `as` value and it is preloaded intentionally. @ http://localhost:3000/:0
[  273596ms] [WARNING] The resource http://localhost:3000/_next/static/media/6245472ced48d3be-s.p.woff2?v=1782592028107 was preloaded using link preload but not used within a few seconds from the window's load event. Please make sure it has an appropriate `as` value and it is preloaded intentionally. @ http://localhost:3000/:0
[  273596ms] [WARNING] The resource http://localhost:3000/_next/static/media/e4af272ccee01ff0-s.p.woff2?v=1782592028107 was preloaded using link preload but not used within a few seconds from the window's load event. Please make sure it has an appropriate `as` value and it is preloaded intentionally. @ http://localhost:3000/:0
[  273596ms] [WARNING] The resource http://localhost:3000/_next/static/media/eafabf029ad39a43-s.p.woff2?v=1782592028107 was preloaded using link preload but not used within a few seconds from the window's load event. Please make sure it has an appropriate `as` value and it is preloaded intentionally. @ http://localhost:3000/:0
[  273596ms] [WARNING] The resource http://localhost:3000/_next/static/media/0484562807a97172-s.p.woff2?v=1782592028107 was preloaded using link preload but not used within a few seconds from the window's load event. Please make sure it has an appropriate `as` value and it is preloaded intentionally. @ http://localhost:3000/:0
[  286648ms] [LOG] [Fast Refresh] rebuilding @ webpack-internal:///(app-pages-browser)/../../node_modules/next/dist/next-devtools/shared/forward-logs-shared.js:27
[  290052ms] [WARNING] The resource http://localhost:3000/_next/static/media/b957ea75a84b6ea7-s.p.woff2?v=1782592028107 was preloaded using link preload but not used within a few seconds from the window's load event. Please make sure it has an appropriate `as` value and it is preloaded intentionally. @ http://localhost:3000/:0
[  290052ms] [WARNING] The resource http://localhost:3000/_next/static/media/6245472ced48d3be-s.p.woff2?v=1782592028107 was preloaded using link preload but not used within a few seconds from the window's load event. Please make sure it has an appropriate `as` value and it is preloaded intentionally. @ http://localhost:3000/:0
[  290052ms] [WARNING] The resource http://localhost:3000/_next/static/media/e4af272ccee01ff0-s.p.woff2?v=1782592028107 was preloaded using link preload but not used within a few seconds from the window's load event. Please make sure it has an appropriate `as` value and it is preloaded intentionally. @ http://localhost:3000/:0
[  290052ms] [WARNING] The resource http://localhost:3000/_next/static/media/eafabf029ad39a43-s.p.woff2?v=1782592028107 was preloaded using link preload but not used within a few seconds from the window's load event. Please make sure it has an appropriate `as` value and it is preloaded intentionally. @ http://localhost:3000/:0
[  290052ms] [WARNING] The resource http://localhost:3000/_next/static/media/0484562807a97172-s.p.woff2?v=1782592028107 was preloaded using link preload but not used within a few seconds from the window's load event. Please make sure it has an appropriate `as` value and it is preloaded intentionally. @ http://localhost:3000/:0
[  291536ms] [LOG] [Fast Refresh] done in 4888ms @ webpack-internal:///(app-pages-browser)/../../node_modules/next/dist/next-devtools/shared/forward-logs-shared.js:27
[  296576ms] [WARNING] The resource http://localhost:3000/_next/static/media/b957ea75a84b6ea7-s.p.woff2?v=1782592028107 was preloaded using link preload but not used within a few seconds from the window's load event. Please make sure it has an appropriate `as` value and it is preloaded intentionally. @ http://localhost:3000/:0
[  296576ms] [WARNING] The resource http://localhost:3000/_next/static/media/6245472ced48d3be-s.p.woff2?v=1782592028107 was preloaded using link preload but not used within a few seconds from the window's load event. Please make sure it has an appropriate `as` value and it is preloaded intentionally. @ http://localhost:3000/:0
[  296576ms] [WARNING] The resource http://localhost:3000/_next/static/media/e4af272ccee01ff0-s.p.woff2?v=1782592028107 was preloaded using link preload but not used within a few seconds from the window's load event. Please make sure it has an appropriate `as` value and it is preloaded intentionally. @ http://localhost:3000/:0
[  296576ms] [WARNING] The resource http://localhost:3000/_next/static/media/eafabf029ad39a43-s.p.woff2?v=1782592028107 was preloaded using link preload but not used within a few seconds from the window's load event. Please make sure it has an appropriate `as` value and it is preloaded intentionally. @ http://localhost:3000/:0
[  296576ms] [WARNING] The resource http://localhost:3000/_next/static/media/0484562807a97172-s.p.woff2?v=1782592028107 was preloaded using link preload but not used within a few seconds from the window's load event. Please make sure it has an appropriate `as` value and it is preloaded intentionally. @ http://localhost:3000/:0
[  306571ms] [LOG] [Fast Refresh] rebuilding @ webpack-internal:///(app-pages-browser)/../../node_modules/next/dist/next-devtools/shared/forward-logs-shared.js:27
[  309975ms] [WARNING] The resource http://localhost:3000/_next/static/media/b957ea75a84b6ea7-s.p.woff2?v=1782592028107 was preloaded using link preload but not used within a few seconds from the window's load event. Please make sure it has an appropriate `as` value and it is preloaded intentionally. @ http://localhost:3000/:0
[  309976ms] [WARNING] The resource http://localhost:3000/_next/static/media/6245472ced48d3be-s.p.woff2?v=1782592028107 was preloaded using link preload but not used within a few seconds from the window's load event. Please make sure it has an appropriate `as` value and it is preloaded intentionally. @ http://localhost:3000/:0
[  309976ms] [WARNING] The resource http://localhost:3000/_next/static/media/e4af272ccee01ff0-s.p.woff2?v=1782592028107 was preloaded using link preload but not used within a few seconds from the window's load event. Please make sure it has an appropriate `as` value and it is preloaded intentionally. @ http://localhost:3000/:0
[  309976ms] [WARNING] The resource http://localhost:3000/_next/static/media/eafabf029ad39a43-s.p.woff2?v=1782592028107 was preloaded using link preload but not used within a few seconds from the window's load event. Please make sure it has an appropriate `as` value and it is preloaded intentionally. @ http://localhost:3000/:0
[  309976ms] [WARNING] The resource http://localhost:3000/_next/static/media/0484562807a97172-s.p.woff2?v=1782592028107 was preloaded using link preload but not used within a few seconds from the window's load event. Please make sure it has an appropriate `as` value and it is preloaded intentionally. @ http://localhost:3000/:0
[  311324ms] [LOG] [Fast Refresh] done in 4752ms @ webpack-internal:///(app-pages-browser)/../../node_modules/next/dist/next-devtools/shared/forward-logs-shared.js:27
[  315383ms] [WARNING] The resource http://localhost:3000/_next/static/media/b957ea75a84b6ea7-s.p.woff2?v=1782592028107 was preloaded using link preload but not used within a few seconds from the window's load event. Please make sure it has an appropriate `as` value and it is preloaded intentionally. @ http://localhost:3000/:0
[  315383ms] [WARNING] The resource http://localhost:3000/_next/static/media/6245472ced48d3be-s.p.woff2?v=1782592028107 was preloaded using link preload but not used within a few seconds from the window's load event. Please make sure it has an appropriate `as` value and it is preloaded intentionally. @ http://localhost:3000/:0
[  315383ms] [WARNING] The resource http://localhost:3000/_next/static/media/e4af272ccee01ff0-s.p.woff2?v=1782592028107 was preloaded using link preload but not used within a few seconds from the window's load event. Please make sure it has an appropriate `as` value and it is preloaded intentionally. @ http://localhost:3000/:0
[  315383ms] [WARNING] The resource http://localhost:3000/_next/static/media/eafabf029ad39a43-s.p.woff2?v=1782592028107 was preloaded using link preload but not used within a few seconds from the window's load event. Please make sure it has an appropriate `as` value and it is preloaded intentionally. @ http://localhost:3000/:0
[  315383ms] [WARNING] The resource http://localhost:3000/_next/static/media/0484562807a97172-s.p.woff2?v=1782592028107 was preloaded using link preload but not used within a few seconds from the window's load event. Please make sure it has an appropriate `as` value and it is preloaded intentionally. @ http://localhost:3000/:0
[  327085ms] [LOG] [Fast Refresh] rebuilding @ webpack-internal:///(app-pages-browser)/../../node_modules/next/dist/next-devtools/shared/forward-logs-shared.js:27
[  330489ms] [WARNING] The resource http://localhost:3000/_next/static/media/b957ea75a84b6ea7-s.p.woff2?v=1782592028107 was preloaded using link preload but not used within a few seconds from the window's load event. Please make sure it has an appropriate `as` value and it is preloaded intentionally. @ http://localhost:3000/:0
[  330489ms] [WARNING] The resource http://localhost:3000/_next/static/media/6245472ced48d3be-s.p.woff2?v=1782592028107 was preloaded using link preload but not used within a few seconds from the window's load event. Please make sure it has an appropriate `as` value and it is preloaded intentionally. @ http://localhost:3000/:0
[  330489ms] [WARNING] The resource http://localhost:3000/_next/static/media/e4af272ccee01ff0-s.p.woff2?v=1782592028107 was preloaded using link preload but not used within a few seconds from the window's load event. Please make sure it has an appropriate `as` value and it is preloaded intentionally. @ http://localhost:3000/:0
[  330489ms] [WARNING] The resource http://localhost:3000/_next/static/media/eafabf029ad39a43-s.p.woff2?v=1782592028107 was preloaded using link preload but not used within a few seconds from the window's load event. Please make sure it has an appropriate `as` value and it is preloaded intentionally. @ http://localhost:3000/:0
[  330489ms] [WARNING] The resource http://localhost:3000/_next/static/media/0484562807a97172-s.p.woff2?v=1782592028107 was preloaded using link preload but not used within a few seconds from the window's load event. Please make sure it has an appropriate `as` value and it is preloaded intentionally. @ http://localhost:3000/:0
[  333254ms] [LOG] [Fast Refresh] done in 6168ms @ webpack-internal:///(app-pages-browser)/../../node_modules/next/dist/next-devtools/shared/forward-logs-shared.js:27
[  338935ms] [WARNING] The resource http://localhost:3000/_next/static/media/b957ea75a84b6ea7-s.p.woff2?v=1782592028107 was preloaded using link preload but not used within a few seconds from the window's load event. Please make sure it has an appropriate `as` value and it is preloaded intentionally. @ http://localhost:3000/:0
[  338935ms] [WARNING] The resource http://localhost:3000/_next/static/media/6245472ced48d3be-s.p.woff2?v=1782592028107 was preloaded using link preload but not used within a few seconds from the window's load event. Please make sure it has an appropriate `as` value and it is preloaded intentionally. @ http://localhost:3000/:0
[  338935ms] [WARNING] The resource http://localhost:3000/_next/static/media/e4af272ccee01ff0-s.p.woff2?v=1782592028107 was preloaded using link preload but not used within a few seconds from the window's load event. Please make sure it has an appropriate `as` value and it is preloaded intentionally. @ http://localhost:3000/:0
[  338935ms] [WARNING] The resource http://localhost:3000/_next/static/media/eafabf029ad39a43-s.p.woff2?v=1782592028107 was preloaded using link preload but not used within a few seconds from the window's load event. Please make sure it has an appropriate `as` value and it is preloaded intentionally. @ http://localhost:3000/:0
[  338935ms] [WARNING] The resource http://localhost:3000/_next/static/media/0484562807a97172-s.p.woff2?v=1782592028107 was preloaded using link preload but not used within a few seconds from the window's load event. Please make sure it has an appropriate `as` value and it is preloaded intentionally. @ http://localhost:3000/:0
[  350232ms] [LOG] [Fast Refresh] rebuilding @ webpack-internal:///(app-pages-browser)/../../node_modules/next/dist/next-devtools/shared/forward-logs-shared.js:27
[  352184ms] [LOG] [Fast Refresh] done in 1951ms @ webpack-internal:///(app-pages-browser)/../../node_modules/next/dist/next-devtools/shared/forward-logs-shared.js:27
[  352672ms] [LOG] [Fast Refresh] rebuilding @ webpack-internal:///(app-pages-browser)/../../node_modules/next/dist/next-devtools/shared/forward-logs-shared.js:27
[  356082ms] [WARNING] The resource http://localhost:3000/_next/static/media/b957ea75a84b6ea7-s.p.woff2?v=1782592028107 was preloaded using link preload but not used within a few seconds from the window's load event. Please make sure it has an appropriate `as` value and it is preloaded intentionally. @ http://localhost:3000/:0
[  356082ms] [WARNING] The resource http://localhost:3000/_next/static/media/6245472ced48d3be-s.p.woff2?v=1782592028107 was preloaded using link preload but not used within a few seconds from the window's load event. Please make sure it has an appropriate `as` value and it is preloaded intentionally. @ http://localhost:3000/:0
[  356082ms] [WARNING] The resource http://localhost:3000/_next/static/media/e4af272ccee01ff0-s.p.woff2?v=1782592028107 was preloaded using link preload but not used within a few seconds from the window's load event. Please make sure it has an appropriate `as` value and it is preloaded intentionally. @ http://localhost:3000/:0
[  356082ms] [WARNING] The resource http://localhost:3000/_next/static/media/eafabf029ad39a43-s.p.woff2?v=1782592028107 was preloaded using link preload but not used within a few seconds from the window's load event. Please make sure it has an appropriate `as` value and it is preloaded intentionally. @ http://localhost:3000/:0
[  356082ms] [WARNING] The resource http://localhost:3000/_next/static/media/0484562807a97172-s.p.woff2?v=1782592028107 was preloaded using link preload but not used within a few seconds from the window's load event. Please make sure it has an appropriate `as` value and it is preloaded intentionally. @ http://localhost:3000/:0
[  356228ms] [LOG] [Fast Refresh] done in 3555ms @ webpack-internal:///(app-pages-browser)/../../node_modules/next/dist/next-devtools/shared/forward-logs-shared.js:27
[  362399ms] [WARNING] The resource http://localhost:3000/_next/static/media/b957ea75a84b6ea7-s.p.woff2?v=1782592028107 was preloaded using link preload but not used within a few seconds from the window's load event. Please make sure it has an appropriate `as` value and it is preloaded intentionally. @ http://localhost:3000/:0
[  362399ms] [WARNING] The resource http://localhost:3000/_next/static/media/6245472ced48d3be-s.p.woff2?v=1782592028107 was preloaded using link preload but not used within a few seconds from the window's load event. Please make sure it has an appropriate `as` value and it is preloaded intentionally. @ http://localhost:3000/:0
[  362399ms] [WARNING] The resource http://localhost:3000/_next/static/media/e4af272ccee01ff0-s.p.woff2?v=1782592028107 was preloaded using link preload but not used within a few seconds from the window's load event. Please make sure it has an appropriate `as` value and it is preloaded intentionally. @ http://localhost:3000/:0
[  362400ms] [WARNING] The resource http://localhost:3000/_next/static/media/eafabf029ad39a43-s.p.woff2?v=1782592028107 was preloaded using link preload but not used within a few seconds from the window's load event. Please make sure it has an appropriate `as` value and it is preloaded intentionally. @ http://localhost:3000/:0
[  362400ms] [WARNING] The resource http://localhost:3000/_next/static/media/0484562807a97172-s.p.woff2?v=1782592028107 was preloaded using link preload but not used within a few seconds from the window's load event. Please make sure it has an appropriate `as` value and it is preloaded intentionally. @ http://localhost:3000/:0
[  370611ms] [LOG] [Fast Refresh] rebuilding @ webpack-internal:///(app-pages-browser)/../../node_modules/next/dist/next-devtools/shared/forward-logs-shared.js:27
[  374014ms] [WARNING] The resource http://localhost:3000/_next/static/media/b957ea75a84b6ea7-s.p.woff2?v=1782592028107 was preloaded using link preload but not used within a few seconds from the window's load event. Please make sure it has an appropriate `as` value and it is preloaded intentionally. @ http://localhost:3000/:0
[  374014ms] [WARNING] The resource http://localhost:3000/_next/static/media/6245472ced48d3be-s.p.woff2?v=1782592028107 was preloaded using link preload but not used within a few seconds from the window's load event. Please make sure it has an appropriate `as` value and it is preloaded intentionally. @ http://localhost:3000/:0
[  374015ms] [WARNING] The resource http://localhost:3000/_next/static/media/e4af272ccee01ff0-s.p.woff2?v=1782592028107 was preloaded using link preload but not used within a few seconds from the window's load event. Please make sure it has an appropriate `as` value and it is preloaded intentionally. @ http://localhost:3000/:0
[  374015ms] [WARNING] The resource http://localhost:3000/_next/static/media/eafabf029ad39a43-s.p.woff2?v=1782592028107 was preloaded using link preload but not used within a few seconds from the window's load event. Please make sure it has an appropriate `as` value and it is preloaded intentionally. @ http://localhost:3000/:0
[  374015ms] [WARNING] The resource http://localhost:3000/_next/static/media/0484562807a97172-s.p.woff2?v=1782592028107 was preloaded using link preload but not used within a few seconds from the window's load event. Please make sure it has an appropriate `as` value and it is preloaded intentionally. @ http://localhost:3000/:0
[  376855ms] [LOG] [Fast Refresh] done in 6245ms @ webpack-internal:///(app-pages-browser)/../../node_modules/next/dist/next-devtools/shared/forward-logs-shared.js:27
[  380715ms] [WARNING] The resource http://localhost:3000/_next/static/media/b957ea75a84b6ea7-s.p.woff2?v=1782592028107 was preloaded using link preload but not used within a few seconds from the window's load event. Please make sure it has an appropriate `as` value and it is preloaded intentionally. @ http://localhost:3000/:0
[  380715ms] [WARNING] The resource http://localhost:3000/_next/static/media/6245472ced48d3be-s.p.woff2?v=1782592028107 was preloaded using link preload but not used within a few seconds from the window's load event. Please make sure it has an appropriate `as` value and it is preloaded intentionally. @ http://localhost:3000/:0
[  380715ms] [WARNING] The resource http://localhost:3000/_next/static/media/e4af272ccee01ff0-s.p.woff2?v=1782592028107 was preloaded using link preload but not used within a few seconds from the window's load event. Please make sure it has an appropriate `as` value and it is preloaded intentionally. @ http://localhost:3000/:0
[  380715ms] [WARNING] The resource http://localhost:3000/_next/static/media/eafabf029ad39a43-s.p.woff2?v=1782592028107 was preloaded using link preload but not used within a few seconds from the window's load event. Please make sure it has an appropriate `as` value and it is preloaded intentionally. @ http://localhost:3000/:0
[  380715ms] [WARNING] The resource http://localhost:3000/_next/static/media/0484562807a97172-s.p.woff2?v=1782592028107 was preloaded using link preload but not used within a few seconds from the window's load event. Please make sure it has an appropriate `as` value and it is preloaded intentionally. @ http://localhost:3000/:0
[  390148ms] [LOG] [Fast Refresh] rebuilding @ webpack-internal:///(app-pages-browser)/../../node_modules/next/dist/next-devtools/shared/forward-logs-shared.js:27
[  393551ms] [WARNING] The resource http://localhost:3000/_next/static/media/b957ea75a84b6ea7-s.p.woff2?v=1782592028107 was preloaded using link preload but not used within a few seconds from the window's load event. Please make sure it has an appropriate `as` value and it is preloaded intentionally. @ http://localhost:3000/:0
[  393551ms] [WARNING] The resource http://localhost:3000/_next/static/media/6245472ced48d3be-s.p.woff2?v=1782592028107 was preloaded using link preload but not used within a few seconds from the window's load event. Please make sure it has an appropriate `as` value and it is preloaded intentionally. @ http://localhost:3000/:0
[  393551ms] [WARNING] The resource http://localhost:3000/_next/static/media/e4af272ccee01ff0-s.p.woff2?v=1782592028107 was preloaded using link preload but not used within a few seconds from the window's load event. Please make sure it has an appropriate `as` value and it is preloaded intentionally. @ http://localhost:3000/:0
[  393551ms] [WARNING] The resource http://localhost:3000/_next/static/media/eafabf029ad39a43-s.p.woff2?v=1782592028107 was preloaded using link preload but not used within a few seconds from the window's load event. Please make sure it has an appropriate `as` value and it is preloaded intentionally. @ http://localhost:3000/:0
[  393551ms] [WARNING] The resource http://localhost:3000/_next/static/media/0484562807a97172-s.p.woff2?v=1782592028107 was preloaded using link preload but not used within a few seconds from the window's load event. Please make sure it has an appropriate `as` value and it is preloaded intentionally. @ http://localhost:3000/:0
[  394840ms] [LOG] [Fast Refresh] done in 4693ms @ webpack-internal:///(app-pages-browser)/../../node_modules/next/dist/next-devtools/shared/forward-logs-shared.js:27
[  398448ms] [WARNING] The resource http://localhost:3000/_next/static/media/b957ea75a84b6ea7-s.p.woff2?v=1782592028107 was preloaded using link preload but not used within a few seconds from the window's load event. Please make sure it has an appropriate `as` value and it is preloaded intentionally. @ http://localhost:3000/:0
[  398448ms] [WARNING] The resource http://localhost:3000/_next/static/media/6245472ced48d3be-s.p.woff2?v=1782592028107 was preloaded using link preload but not used within a few seconds from the window's load event. Please make sure it has an appropriate `as` value and it is preloaded intentionally. @ http://localhost:3000/:0
[  398448ms] [WARNING] The resource http://localhost:3000/_next/static/media/e4af272ccee01ff0-s.p.woff2?v=1782592028107 was preloaded using link preload but not used within a few seconds from the window's load event. Please make sure it has an appropriate `as` value and it is preloaded intentionally. @ http://localhost:3000/:0
[  398448ms] [WARNING] The resource http://localhost:3000/_next/static/media/eafabf029ad39a43-s.p.woff2?v=1782592028107 was preloaded using link preload but not used within a few seconds from the window's load event. Please make sure it has an appropriate `as` value and it is preloaded intentionally. @ http://localhost:3000/:0
[  398448ms] [WARNING] The resource http://localhost:3000/_next/static/media/0484562807a97172-s.p.woff2?v=1782592028107 was preloaded using link preload but not used within a few seconds from the window's load event. Please make sure it has an appropriate `as` value and it is preloaded intentionally. @ http://localhost:3000/:0
[  405727ms] [LOG] [Fast Refresh] rebuilding @ webpack-internal:///(app-pages-browser)/../../node_modules/next/dist/next-devtools/shared/forward-logs-shared.js:27
[  409130ms] [WARNING] The resource http://localhost:3000/_next/static/media/b957ea75a84b6ea7-s.p.woff2?v=1782592028107 was preloaded using link preload but not used within a few seconds from the window's load event. Please make sure it has an appropriate `as` value and it is preloaded intentionally. @ http://localhost:3000/:0
[  409130ms] [WARNING] The resource http://localhost:3000/_next/static/media/6245472ced48d3be-s.p.woff2?v=1782592028107 was preloaded using link preload but not used within a few seconds from the window's load event. Please make sure it has an appropriate `as` value and it is preloaded intentionally. @ http://localhost:3000/:0
[  409130ms] [WARNING] The resource http://localhost:3000/_next/static/media/e4af272ccee01ff0-s.p.woff2?v=1782592028107 was preloaded using link preload but not used within a few seconds from the window's load event. Please make sure it has an appropriate `as` value and it is preloaded intentionally. @ http://localhost:3000/:0
[  409130ms] [WARNING] The resource http://localhost:3000/_next/static/media/eafabf029ad39a43-s.p.woff2?v=1782592028107 was preloaded using link preload but not used within a few seconds from the window's load event. Please make sure it has an appropriate `as` value and it is preloaded intentionally. @ http://localhost:3000/:0
[  409130ms] [WARNING] The resource http://localhost:3000/_next/static/media/0484562807a97172-s.p.woff2?v=1782592028107 was preloaded using link preload but not used within a few seconds from the window's load event. Please make sure it has an appropriate `as` value and it is preloaded intentionally. @ http://localhost:3000/:0
[  410209ms] [LOG] [Fast Refresh] done in 4483ms @ webpack-internal:///(app-pages-browser)/../../node_modules/next/dist/next-devtools/shared/forward-logs-shared.js:27
[  414463ms] [WARNING] The resource http://localhost:3000/_next/static/media/b957ea75a84b6ea7-s.p.woff2?v=1782592028107 was preloaded using link preload but not used within a few seconds from the window's load event. Please make sure it has an appropriate `as` value and it is preloaded intentionally. @ http://localhost:3000/:0
[  414464ms] [WARNING] The resource http://localhost:3000/_next/static/media/6245472ced48d3be-s.p.woff2?v=1782592028107 was preloaded using link preload but not used within a few seconds from the window's load event. Please make sure it has an appropriate `as` value and it is preloaded intentionally. @ http://localhost:3000/:0
[  414464ms] [WARNING] The resource http://localhost:3000/_next/static/media/e4af272ccee01ff0-s.p.woff2?v=1782592028107 was preloaded using link preload but not used within a few seconds from the window's load event. Please make sure it has an appropriate `as` value and it is preloaded intentionally. @ http://localhost:3000/:0
[  414464ms] [WARNING] The resource http://localhost:3000/_next/static/media/eafabf029ad39a43-s.p.woff2?v=1782592028107 was preloaded using link preload but not used within a few seconds from the window's load event. Please make sure it has an appropriate `as` value and it is preloaded intentionally. @ http://localhost:3000/:0
[  414464ms] [WARNING] The resource http://localhost:3000/_next/static/media/0484562807a97172-s.p.woff2?v=1782592028107 was preloaded using link preload but not used within a few seconds from the window's load event. Please make sure it has an appropriate `as` value and it is preloaded intentionally. @ http://localhost:3000/:0
[  421998ms] [LOG] [Fast Refresh] rebuilding @ webpack-internal:///(app-pages-browser)/../../node_modules/next/dist/next-devtools/shared/forward-logs-shared.js:27
[  425042ms] [LOG] [Fast Refresh] done in 3045ms @ webpack-internal:///(app-pages-browser)/../../node_modules/next/dist/next-devtools/shared/forward-logs-shared.js:27
[  425561ms] [LOG] [Fast Refresh] rebuilding @ webpack-internal:///(app-pages-browser)/../../node_modules/next/dist/next-devtools/shared/forward-logs-shared.js:27
[  426803ms] [LOG] [Fast Refresh] done in 1242ms @ webpack-internal:///(app-pages-browser)/../../node_modules/next/dist/next-devtools/shared/forward-logs-shared.js:27
[  431899ms] [WARNING] The resource http://localhost:3000/_next/static/media/b957ea75a84b6ea7-s.p.woff2?v=1782592028107 was preloaded using link preload but not used within a few seconds from the window's load event. Please make sure it has an appropriate `as` value and it is preloaded intentionally. @ http://localhost:3000/:0
[  431899ms] [WARNING] The resource http://localhost:3000/_next/static/media/6245472ced48d3be-s.p.woff2?v=1782592028107 was preloaded using link preload but not used within a few seconds from the window's load event. Please make sure it has an appropriate `as` value and it is preloaded intentionally. @ http://localhost:3000/:0
[  431899ms] [WARNING] The resource http://localhost:3000/_next/static/media/e4af272ccee01ff0-s.p.woff2?v=1782592028107 was preloaded using link preload but not used within a few seconds from the window's load event. Please make sure it has an appropriate `as` value and it is preloaded intentionally. @ http://localhost:3000/:0
[  431899ms] [WARNING] The resource http://localhost:3000/_next/static/media/eafabf029ad39a43-s.p.woff2?v=1782592028107 was preloaded using link preload but not used within a few seconds from the window's load event. Please make sure it has an appropriate `as` value and it is preloaded intentionally. @ http://localhost:3000/:0
[  431899ms] [WARNING] The resource http://localhost:3000/_next/static/media/0484562807a97172-s.p.woff2?v=1782592028107 was preloaded using link preload but not used within a few seconds from the window's load event. Please make sure it has an appropriate `as` value and it is preloaded intentionally. @ http://localhost:3000/:0
