[    3464ms] [INFO] %cDownload the React DevTools for a better development experience: https://react.dev/link/react-devtools font-weight:bold @ webpack-internal:///(app-pages-browser)/../../node_modules/next/dist/next-devtools/shared/forward-logs-shared.js:27
[    3929ms] [LOG] [HMR] connected @ webpack-internal:///(app-pages-browser)/../../node_modules/next/dist/next-devtools/shared/forward-logs-shared.js:27
[    8843ms] [ERROR] A tree hydrated but some attributes of the server rendered HTML didn't match the client properties. This won't be patched up. This can happen if a SSR-ed Client Component used:

- A server/client branch `if (typeof window !== 'undefined')`.
- Variable input such as `Date.now()` or `Math.random()` which changes each time it's called.
- Date formatting in a user's locale which doesn't match the server.
- External changing data without sending a snapshot of it along with the HTML.
- Invalid HTML tag nesting.

It can also happen if the client has a browser extension installed which messes with the HTML before React loaded.

%s%s https://react.dev/link/hydration-mismatch 

  ...
    <HotReload globalError={[...]} webSocket={WebSocket} staticIndicatorState={{pathname:null, ...}}>
      <AppDevOverlayErrorBoundary globalError={[...]}>
        <ReplaySsrOnlyErrors>
        <DevRootHTTPAccessFallbackBoundary>
          <HTTPAccessFallbackBoundary notFound={<NotAllowedRootHTTPFallbackError>}>
            <HTTPAccessFallbackErrorBoundary pathname="/" notFound={<NotAllowedRootHTTPFallbackError>} ...>
              <RedirectBoundary>
                <RedirectErrorBoundary router={{...}}>
                  <Head>
                  <__next_root_layout_boundary__>
                    <SegmentViewNode type="layout" pagePath="layout.tsx">
                      <SegmentTrieNode>
                      <link>
                      <RootLayout>
                        <html lang="en" dir="ltr" suppressHydrationWarning={true}>
                          <head>
                            <script
+                             nonce="6Ddu7jY/foTKM0ZDF0jHVw=="
-                             nonce=""
                              dangerouslySetInnerHTML={{__html:"(function(..."}}
                            >
                            <script
+                             nonce="6Ddu7jY/foTKM0ZDF0jHVw=="
-                             nonce=""
                              dangerouslySetInnerHTML={{__html:"(function(..."}}
                            >
                            <script
+                             nonce="6Ddu7jY/foTKM0ZDF0jHVw=="
-                             nonce=""
                              dangerouslySetInnerHTML={{__html:"(function(..."}}
                            >
                            ...
                          ...
                  ...
 @ webpack-internal:///(app-pages-browser)/../../node_modules/next/dist/next-devtools/userspace/app/errors/intercept-console-error.js:57
[    9090ms] [WARNING] Image with src "http://localhost:3000/assets/Logo/mediaBubble_logo_horizontal_text_white.svg" has either width or height modified, but not the other. If you use CSS to change the size of your image, also include the styles 'width: "auto"' or 'height: "auto"' to maintain the aspect ratio. @ webpack-internal:///(app-pages-browser)/../../node_modules/next/dist/next-devtools/shared/forward-logs-shared.js:27
[   14025ms] [WARNING] The resource http://localhost:3000/_next/static/media/b957ea75a84b6ea7-s.p.woff2?v=1782584364041 was preloaded using link preload but not used within a few seconds from the window's load event. Please make sure it has an appropriate `as` value and it is preloaded intentionally. @ http://localhost:3000/:0
[   14025ms] [WARNING] The resource http://localhost:3000/_next/static/media/0484562807a97172-s.p.woff2?v=1782584364041 was preloaded using link preload but not used within a few seconds from the window's load event. Please make sure it has an appropriate `as` value and it is preloaded intentionally. @ http://localhost:3000/:0
[   14025ms] [WARNING] The resource http://localhost:3000/_next/static/media/e4af272ccee01ff0-s.p.woff2?v=1782584364041 was preloaded using link preload but not used within a few seconds from the window's load event. Please make sure it has an appropriate `as` value and it is preloaded intentionally. @ http://localhost:3000/:0
[   14025ms] [WARNING] The resource http://localhost:3000/_next/static/media/eafabf029ad39a43-s.p.woff2?v=1782584364041 was preloaded using link preload but not used within a few seconds from the window's load event. Please make sure it has an appropriate `as` value and it is preloaded intentionally. @ http://localhost:3000/:0
[   14025ms] [WARNING] The resource http://localhost:3000/_next/static/media/6245472ced48d3be-s.p.woff2?v=1782584364041 was preloaded using link preload but not used within a few seconds from the window's load event. Please make sure it has an appropriate `as` value and it is preloaded intentionally. @ http://localhost:3000/:0
[   43280ms] [WARNING] Image with src "http://localhost:3000/assets/Logo/mediaBubble_logo_horizontal_full_color.svg" has either width or height modified, but not the other. If you use CSS to change the size of your image, also include the styles 'width: "auto"' or 'height: "auto"' to maintain the aspect ratio. @ webpack-internal:///(app-pages-browser)/../../node_modules/next/dist/next-devtools/shared/forward-logs-shared.js:27
[   46282ms] [WARNING] The resource http://localhost:3000/_next/static/media/b957ea75a84b6ea7-s.p.woff2?v=1782584364041 was preloaded using link preload but not used within a few seconds from the window's load event. Please make sure it has an appropriate `as` value and it is preloaded intentionally. @ http://localhost:3000/:0
[   46282ms] [WARNING] The resource http://localhost:3000/_next/static/media/0484562807a97172-s.p.woff2?v=1782584364041 was preloaded using link preload but not used within a few seconds from the window's load event. Please make sure it has an appropriate `as` value and it is preloaded intentionally. @ http://localhost:3000/:0
[   46282ms] [WARNING] The resource http://localhost:3000/_next/static/media/e4af272ccee01ff0-s.p.woff2?v=1782584364041 was preloaded using link preload but not used within a few seconds from the window's load event. Please make sure it has an appropriate `as` value and it is preloaded intentionally. @ http://localhost:3000/:0
[   46282ms] [WARNING] The resource http://localhost:3000/_next/static/media/eafabf029ad39a43-s.p.woff2?v=1782584364041 was preloaded using link preload but not used within a few seconds from the window's load event. Please make sure it has an appropriate `as` value and it is preloaded intentionally. @ http://localhost:3000/:0
[   46282ms] [WARNING] The resource http://localhost:3000/_next/static/media/6245472ced48d3be-s.p.woff2?v=1782584364041 was preloaded using link preload but not used within a few seconds from the window's load event. Please make sure it has an appropriate `as` value and it is preloaded intentionally. @ http://localhost:3000/:0
[  110761ms] [WARNING] The resource http://localhost:3000/_next/static/media/b957ea75a84b6ea7-s.p.woff2?v=1782584364041 was preloaded using link preload but not used within a few seconds from the window's load event. Please make sure it has an appropriate `as` value and it is preloaded intentionally. @ http://localhost:3000/:0
[  110761ms] [WARNING] The resource http://localhost:3000/_next/static/media/0484562807a97172-s.p.woff2?v=1782584364041 was preloaded using link preload but not used within a few seconds from the window's load event. Please make sure it has an appropriate `as` value and it is preloaded intentionally. @ http://localhost:3000/:0
[  110761ms] [WARNING] The resource http://localhost:3000/_next/static/media/e4af272ccee01ff0-s.p.woff2?v=1782584364041 was preloaded using link preload but not used within a few seconds from the window's load event. Please make sure it has an appropriate `as` value and it is preloaded intentionally. @ http://localhost:3000/:0
[  110761ms] [WARNING] The resource http://localhost:3000/_next/static/media/eafabf029ad39a43-s.p.woff2?v=1782584364041 was preloaded using link preload but not used within a few seconds from the window's load event. Please make sure it has an appropriate `as` value and it is preloaded intentionally. @ http://localhost:3000/:0
[  110761ms] [WARNING] The resource http://localhost:3000/_next/static/media/6245472ced48d3be-s.p.woff2?v=1782584364041 was preloaded using link preload but not used within a few seconds from the window's load event. Please make sure it has an appropriate `as` value and it is preloaded intentionally. @ http://localhost:3000/:0
[  157826ms] [WARNING] The resource http://localhost:3000/_next/static/media/b957ea75a84b6ea7-s.p.woff2?v=1782584364041 was preloaded using link preload but not used within a few seconds from the window's load event. Please make sure it has an appropriate `as` value and it is preloaded intentionally. @ http://localhost:3000/:0
[  157826ms] [WARNING] The resource http://localhost:3000/_next/static/media/0484562807a97172-s.p.woff2?v=1782584364041 was preloaded using link preload but not used within a few seconds from the window's load event. Please make sure it has an appropriate `as` value and it is preloaded intentionally. @ http://localhost:3000/:0
[  157826ms] [WARNING] The resource http://localhost:3000/_next/static/media/e4af272ccee01ff0-s.p.woff2?v=1782584364041 was preloaded using link preload but not used within a few seconds from the window's load event. Please make sure it has an appropriate `as` value and it is preloaded intentionally. @ http://localhost:3000/:0
[  157826ms] [WARNING] The resource http://localhost:3000/_next/static/media/eafabf029ad39a43-s.p.woff2?v=1782584364041 was preloaded using link preload but not used within a few seconds from the window's load event. Please make sure it has an appropriate `as` value and it is preloaded intentionally. @ http://localhost:3000/:0
[  157826ms] [WARNING] The resource http://localhost:3000/_next/static/media/6245472ced48d3be-s.p.woff2?v=1782584364041 was preloaded using link preload but not used within a few seconds from the window's load event. Please make sure it has an appropriate `as` value and it is preloaded intentionally. @ http://localhost:3000/:0
[  548681ms] [WARNING] The resource http://localhost:3000/_next/static/media/b957ea75a84b6ea7-s.p.woff2?v=1782584364041 was preloaded using link preload but not used within a few seconds from the window's load event. Please make sure it has an appropriate `as` value and it is preloaded intentionally. @ http://localhost:3000/:0
[  548681ms] [WARNING] The resource http://localhost:3000/_next/static/media/0484562807a97172-s.p.woff2?v=1782584364041 was preloaded using link preload but not used within a few seconds from the window's load event. Please make sure it has an appropriate `as` value and it is preloaded intentionally. @ http://localhost:3000/:0
[  548681ms] [WARNING] The resource http://localhost:3000/_next/static/media/e4af272ccee01ff0-s.p.woff2?v=1782584364041 was preloaded using link preload but not used within a few seconds from the window's load event. Please make sure it has an appropriate `as` value and it is preloaded intentionally. @ http://localhost:3000/:0
[  548681ms] [WARNING] The resource http://localhost:3000/_next/static/media/eafabf029ad39a43-s.p.woff2?v=1782584364041 was preloaded using link preload but not used within a few seconds from the window's load event. Please make sure it has an appropriate `as` value and it is preloaded intentionally. @ http://localhost:3000/:0
[  548681ms] [WARNING] The resource http://localhost:3000/_next/static/media/6245472ced48d3be-s.p.woff2?v=1782584364041 was preloaded using link preload but not used within a few seconds from the window's load event. Please make sure it has an appropriate `as` value and it is preloaded intentionally. @ http://localhost:3000/:0
